[backblue.gif]
[fade.gif]
[index.html]
[gmpg.org/xfn/11.html]
[fonts.googleapis.com/css8fab.css]
[fonts.googleapis.com/index.html]
[www.utb.ac.rw/feed/index.html]
[www.utb.ac.rw/comments/feed/index.html]
[www.utb.ac.rw/home-2/feed/index.html]
[fonts.googleapis.com/css895a.css]
[fonts.googleapis.com/cssd0c5.css]
[www.utb.ac.rw/wp-includes/js/jquery/jquery.min9d52.js]
[www.utb.ac.rw/wp-includes/js/jquery/jquery-migrate.mind617.js]
[www.utb.ac.rw/wp-content/plugins/revslider/public/assets/js/rbtools.min5352.js]
[www.utb.ac.rw/wp-content/plugins/revslider/public/assets/js/rs6.mina8d6.js]
[www.utb.ac.rw/wp-content/plugins/woocommerce/assets/js/jquery-blockui/jquery.blockUI.mine1da.js]
[www.utb.ac.rw/wp-content/plugins/woocommerce/assets/js/frontend/add-to-cart.min0969.js]
[www.utb.ac.rw/wp-content/plugins/js_composer/assets/js/vendors/woocommerce-add-to-cart31dc.js]
[www.utb.ac.rw/wp-content/themes/university/js/bootstrap.minfcc2.js]
[www.utb.ac.rw/wp-content/themes/university/js/cactus-themes53cf.js]
[www.utb.ac.rw/wp-json/index.html]
[www.utb.ac.rw/wp-json/wp/v2/pages/333.json]
[www.utb.ac.rw/xmlrpc.260db0.delayed]
[www.utb.ac.rw/wp-includes/wlwmanifest.xml]
[www.utb.ac.rw/wp-json/oembed/1.0/embeda9ad.json]
[www.utb.ac.rw/wp-json/oembed/1.0/embed12c7]
[www.utb.ac.rw/wp-content/uploads/2021/06/cropped-logo-32x32.png]
[www.utb.ac.rw/wp-content/uploads/2021/06/cropped-logo-192x192.png]
[www.utb.ac.rw/wp-content/uploads/2021/06/cropped-logo-180x180.png]
[www.utb.ac.rw/wp-content/uploads/2014/10/LOGO-SMALL.png]
[www.utb.ac.rw/staff/index.html]
[www.utb.ac.rw/wp-content/uploads/2023/01/vlcsnap-2023-01-31-10h01m41s984.png]
[elearning.utb.ac.rw/index.html]
[utb.ac.rw/library/index.html]
[www.utb.ac.rw/wp-content/uploads/2014/10/150-1-2.jpg]
[www.utb.ac.rw/wp-content/uploads/2014/10/300-1.jpg]
[www.utb.ac.rw/wp-content/uploads/2014/10/300-.jpg]
[www.utb.ac.rw/wp-content/uploads/2014/10/coffee.jpg]
[www.utb.ac.rw/wp-content/uploads/2014/10/study.jpg]
[www.utb.ac.rw/wp-content/uploads/2014/10/reception-1.jpg]
[www.utb.ac.rw/wp-content/uploads/2014/10/nature-1.jpg]
[www.utb.ac.rw/wp-content/uploads/2021/10/1-250x250.jpg]
[www.utb.ac.rw/wp-content/uploads/2021/07/JOB-150x150.png]
[www.utb.ac.rw/wp-content/uploads/2021/06/Screenshot_20211026-151214-250x250.png]
[www.utb.ac.rw/wp-content/uploads/2021/06/IMG_0225-min-150x150.jpg]
[www.utb.ac.rw/wp-content/uploads/2021/06/2fc11154-3df2-4737-9054-3b447bdc01ae-150x150.jpg]
[www.utb.ac.rw/wp-content/uploads/2023/03/131-1311666_scale-icon-ethical-icon-1-140x100.png]
[www.utb.ac.rw/wp-content/uploads/2023/03/74-743263_app-icon-new-customer-acquisition-icon-hd-png-140x100.png]
[www.utb.ac.rw/wp-content/uploads/2023/03/Entrepreneur-PNG-Pic-1-100x100.png]
[www.utb.ac.rw/wp-content/uploads/2023/03/contest-icon-png-4-100x100.png]
[www.utb.ac.rw/wp-content/uploads/2023/03/2390040-200-1-120x102.png]
[www.utb.ac.rw/wp-content/uploads/2014/07/3-1-554x674.jpg]
[www.utb.ac.rw/wp-content/uploads/2014/07/4-1-554x674.4d.delayed]
[www.utb.ac.rw/wp-content/uploads/2014/07/2-554x674.jpg]
[www.utb.ac.rw/wp-content/uploads/2014/05/university-event-001-1024x680.jpg]
[www.utb.ac.rw/wp-content/uploads/2014/05/university-course-009-1024x684.jpg]
[www.utb.ac.rw/wp-content/uploads/2014/08/tech-013.jpg]
[www.utb.ac.rw/wp-content/uploads/2021/06/IMG_0225-min-300x200.jpg]
[www.utb.ac.rw/wp-content/uploads/2021/06/UNDERGRADUATE.jpg]
[www.utb.ac.rw/campus-life/index.html]
[www.utb.ac.rw/wp-content/uploads/2014/05/DFC_82066298-student-exchange-300x200.jpg]
[www.utb.ac.rw/wp-content/uploads/2021/12/EPRN.jpg]
[www.utb.ac.rw/wp-content/uploads/2021/06/images.jpg]
[www.utb.ac.rw/wp-content/uploads/2021/06/images-1.jpg]
[www.utb.ac.rw/wp-content/uploads/2021/06/images-1.png]
[www.utb.ac.rw/wp-content/uploads/2021/06/SOS-Logo.png]
[www.utb.ac.rw/wp-content/uploads/2021/06/African-new-life-ministries-logo.jpg]
[www.utb.ac.rw/wp-content/uploads/2021/06/logo.jpg]
[www.utb.ac.rw/wp-content/uploads/2021/06/332-phphv7x4k_logo_corporate_black.jpg]
[www.utb.ac.rw/wp-content/uploads/2021/06/unnamed.png]
[www.utb.ac.rw/wp-content/uploads/2021/06/marriots11.png]
[www.utb.ac.rw/wp-content/uploads/2021/06/RDB.png]
[www.utb.ac.rw/wp-content/uploads/2021/06/marriot.png]
[www.utb.ac.rw/wp-content/uploads/2021/06/index.png]
[www.utb.ac.rw/wp-content/uploads/2021/06/rwandair-296990.png]
[www.utb.ac.rw/wp-content/uploads/2022/06/3-2-scaled.jpg]
[www.utb.ac.rw/wp-content/uploads/2021/06/Peters-Baker.jpg]
[www.utb.ac.rw/wp-content/uploads/2022/06/Publication1.jpg]
[www.utb.ac.rw/wp-content/themes/university/images/avatar.png]
[consent.google.com/ml9405.html]
[www.google-analytics.com/analytics.js]
[connect.facebook.net/en_US/fbds.js]
[www.googleadservices.com/pagead/f.txt]
[googleads.g.doubleclick.net/pagead/viewthroughconversion/1016918124/indexa96a.html]
[www.utb.ac.rw/wp-content/plugins/js_composer/assets/lib/bower/font-awesome/css/v4-shims.min31dc.css]
[www.utb.ac.rw/wp-content/plugins/js_composer/assets/lib/bower/font-awesome/css/all.min31dc.css]
[fonts.googleapis.com/cssa443.css]
[www.utb.ac.rw/wp-content/plugins/js_composer/assets/lib/bower/animate-css/animate.min31dc.css]
[fonts.googleapis.com/cssdcf6.css]
[www.utb.ac.rw/wp-content/plugins/js_composer/assets/lib/vc_carousel/css/vc_carousel.min31dc.css]
[www.utb.ac.rw/wp-content/plugins/testimonial-awesome/public/css/fontawesome.minfcc2.css]
[www.utb.ac.rw/wp-content/plugins/testimonial-awesome/public/css/thaw-flexgridfcc2.css]
[www.utb.ac.rw/wp-content/plugins/testimonial-awesome/public/css/testimonial-awesome-publicfcc2.css]
[www.utb.ac.rw/wp-content/plugins/testimonial-awesome/public/css/swiperfcc2.css]
[www.utb.ac.rw/wp-content/plugins/u-shortcodes/shortcodes/calendar-js/format-datetime-master/jquery.formatDateTime.minfcc2.js]
[www.utb.ac.rw/wp-content/plugins/u-shortcodes/shortcodes/calendar-js/underscore/underscore-minfcc2.js]
[www.utb.ac.rw/wp-includes/js/dist/vendor/wp-polyfill.min89b1.js]
[www.utb.ac.rw/wp-includes/js/dist/vendor/wp-polyfill-fetch.min6e0e.js]
[www.utb.ac.rw/wp-includes/js/dist/vendor/wp-polyfill-node-contains.min2e00.js]
[www.utb.ac.rw/wp-includes/js/dist/vendor/wp-polyfill-dom-rect.min2e00.js]
[www.utb.ac.rw/wp-includes/js/dist/vendor/wp-polyfill-url.min5aed.js]
[www.utb.ac.rw/wp-includes/js/dist/vendor/wp-polyfill-formdata.mine9bd.js]
[www.utb.ac.rw/wp-includes/js/dist/vendor/wp-polyfill-element-closest.min4c56.js]
[www.utb.ac.rw/wp-includes/js/dist/vendor/wp-polyfill-object-fit.min531b.js]
[www.utb.ac.rw/wp-content/plugins/contact-form-7/includes/js/index7661.js]
[www.utb.ac.rw/wp-content/plugins/woocommerce/assets/js/js-cookie/js.cookie.min757c.js]
[www.utb.ac.rw/wp-content/plugins/woocommerce/assets/js/frontend/woocommerce.min0969.js]
[www.utb.ac.rw/wp-content/plugins/woocommerce/assets/js/frontend/cart-fragments.min0969.js]
[www.utb.ac.rw/wp-content/themes/university/js/owl-carousel/owl.carousel.minfcc2.js]
[www.utb.ac.rw/wp-includes/js/comment-reply.minfcc2.js]
[www.utb.ac.rw/wp-content/plugins/u-course/js/customfcc2.js]
[www.utb.ac.rw/wp-includes/js/wp-embed.minfcc2.js]
[www.utb.ac.rw/wp-content/plugins/js_composer/assets/js/dist/js_composer_front.min31dc.js]
[www.utb.ac.rw/wp-content/themes/university/js/jquery.countdown.minfcc2.js]
[www.utb.ac.rw/wp-content/plugins/js_composer/assets/lib/vc_waypoints/vc-waypoints.min31dc.js]
[www.utb.ac.rw/wp-content/plugins/js_composer/assets/lib/vc_carousel/js/transition.min31dc.js]
[www.utb.ac.rw/wp-content/plugins/js_composer/assets/lib/vc_carousel/js/vc_carousel.min31dc.js]
[www.utb.ac.rw/wp-content/plugins/testimonial-awesome/public/js/swiper.minfcc2.js]
[www.utb.ac.rw/index.html]
[gmpg.org/xfn/11.html]
[www.utb.ac.rw/xmlrpc.html]
[fonts.googleapis.com/index.html]
[s.w.org/index.html]
[fonts.googleapis.com/css8fab.css]
[fonts.googleapis.com/css895a.css]
[fonts.googleapis.com/cssd0c5.css]
[www.utb.ac.rw/xmlrpc0db0.html]
[code.tidio.co/index.html]
[www.utb.ac.rw/staff/index.html]
[www.utb.ac.rw/alumni/index.html]
[www.utb.ac.rw/student/index.html]
[www.utb.ac.rw/utb-history/index.html]
[www.utb.ac.rw/mission-and-vision/index.html]
[www.utb.ac.rw/governance-and-management/index.html]
[www.utb.ac.rw/governance/index.html]
[www.utb.ac.rw/management/index.html]
[www.utb.ac.rw/policies/index.html]
[www.utb.ac.rw/all-course-2/index.html]
[www.utb.ac.rw/make-a-pay/index.html]
[www.utb.ac.rw/scholarships/index.html]
[mis.utb.ac.rw/application_ug.html]
[www.utb.ac.rw/research-projects/index.html]
[www.utb.ac.rw/research-areas/index.html]
[www.utb.ac.rw/research-excellence-framework/index.html]
[www.utb.ac.rw/scientific-review/index.html]
[mis.utb.ac.rw/login.html]
[elearning.utb.ac.rw/index.html]
[utb.ac.rw/library/index.html]
[outlook.office.com/index.html]
[www.utb.ac.rw/utb-to-send-700-students-abroad-qatar/index.html]
[www.utb.ac.rw/we-are-hiring/index.html]
[www.utb.ac.rw/make-the-difference/index.html]
[www.utb.ac.rw/our-new-campus/index.html]
[www.utb.ac.rw/may-untake-registration/index.html]
[www.utb.ac.rw/PROGRAM/bachelor-of-business-information-and-technology/index.html]
[www.utb.ac.rw/PROGRAM/information-system-course/index.html]
[www.utb.ac.rw/PROGRAM/chemical-engineering-course/index.html]
[www.utb.ac.rw/degree-program/index.html]
[www.utb.ac.rw/diploma-program/index.html]
[www.utb.ac.rw/campus-life/index.html]
[www.utb.ac.rw/careers-and-employment/index.html]
[mis.utb.ac.rw/index.html]
[consent.google.com/ml9405.html]
[www.facebook.com/trf68b]
[fonts.googleapis.com/cssa443.css]
[fonts.googleapis.com/cssdcf6.css]
[www.utb.ac.rw/wp-content/uploads/2014/10/logo-e1629813099434.png]
[www.utb.ac.rw/feed/index.html]
[www.utb.ac.rw/wp-includes/css/dist/block-library/style.minfcc2.css]
[www.utb.ac.rw/wp-content/plugins/woocommerce/packages/woocommerce-blocks/build/wc-blocks-vendors-styled03b.css]
[www.utb.ac.rw/wp-content/plugins/woocommerce/packages/woocommerce-blocks/build/wc-blocks-styled03b.css]
[www.utb.ac.rw/wp-content/plugins/contact-form-7/includes/css/styles7661.css]
[www.utb.ac.rw/wp-content/plugins/revslider/public/assets/css/rs6a8d6.css]
[www.utb.ac.rw/wp-content/plugins/woocommerce/assets/css/woocommerce-layout0969.css]
[www.utb.ac.rw/wp-content/plugins/woocommerce/assets/css/woocommerce-smallscreen0969.css]
[www.utb.ac.rw/wp-content/plugins/woocommerce/assets/css/woocommerce0969.css]
[www.utb.ac.rw/wp-content/plugins/wp-pagenavi/pagenavi-css44fd.css]
[www.utb.ac.rw/wp-content/plugins/revslider/public/assets/js/rbtools.min5352.js]
[www.utb.ac.rw/wp-content/plugins/header-footer-elementor/assets/css/header-footer-elementor744a.css]
[www.utb.ac.rw/wp-content/plugins/woocommerce/assets/js/jquery-blockui/jquery.blockUI.mine1da.js]
[www.utb.ac.rw/wp-content/plugins/elementor/assets/lib/eicons/css/elementor-icons.min7816.css]
[www.utb.ac.rw/wp-content/themes/university/js/cactus-themes53cf.js]
[www.utb.ac.rw/wp-json/index.html]
[www.utb.ac.rw/wp-content/plugins/elementor/assets/css/frontend.min3ab2.css]
[www.utb.ac.rw/wp-content/uploads/elementor/css/post-1371358aa9.css]
[www.utb.ac.rw/wp-content/uploads/elementor/css/global55f3.css]
[www.utb.ac.rw/wp-includes/wlwmanifest.xml]
[www.utb.ac.rw/wp-content/themes/university/css/bootstrap.minfcc2.css]
[www.utb.ac.rw/wp-content/uploads/2021/06/cropped-logo-32x32.png]
[www.utb.ac.rw/wp-content/themes/university/fonts/css/font-awesome.minfcc2.css]
[www.utb.ac.rw/wp-content/uploads/2021/06/cropped-logo-192x192.png]
[www.utb.ac.rw/wp-content/uploads/2021/06/cropped-logo-180x180.png]
[www.utb.ac.rw/wp-content/themes/university/js/owl-carousel/owl.carousel.minfcc2.css]
[www.utb.ac.rw/wp-content/uploads/2014/10/LOGO-SMALL.png]
[www.utb.ac.rw/wp-content/uploads/2023/01/vlcsnap-2023-01-31-10h01m41s984.png]
[www.utb.ac.rw/wp-content/themes/university/js/owl-carousel/owl.theme.default.minfcc2.css]
[www.utb.ac.rw/wp-content/uploads/2014/10/150-1-2.jpg]
[www.utb.ac.rw/wp-content/uploads/2014/10/300-1.jpg]
[www.utb.ac.rw/wp-content/themes/university/stylefcc2.css]
[www.utb.ac.rw/wp-content/uploads/2014/10/300-.jpg]
[www.utb.ac.rw/wp-content/uploads/2014/10/coffee.jpg]
[www.utb.ac.rw/wp-content/uploads/js_composer/js_composer_front_custom31dc.css]
[www.utb.ac.rw/wp-content/uploads/2014/10/study.jpg]
[www.utb.ac.rw/wp-content/uploads/2014/10/reception-1.jpg]
[www.utb.ac.rw/xmlrpc0db0.html]
[www.utb.ac.rw/wp-content/uploads/2014/10/nature-1.jpg]
[www.utb.ac.rw/wp-content/uploads/2021/10/1-250x250.jpg]
[www.utb.ac.rw/staff/index.html]
[www.utb.ac.rw/wp-content/uploads/2021/07/JOB-150x150.png]
[www.utb.ac.rw/student/index.html]
[www.utb.ac.rw/wp-content/uploads/2021/06/Screenshot_20211026-151214-250x250.png]
[www.utb.ac.rw/wp-content/uploads/2021/06/IMG_0225-min-150x150.jpg]
[www.utb.ac.rw/utb-history/index.html]
[www.utb.ac.rw/wp-content/uploads/2021/06/2fc11154-3df2-4737-9054-3b447bdc01ae-150x150.jpg]
[www.utb.ac.rw/wp-content/uploads/2023/03/131-1311666_scale-icon-ethical-icon-1-140x100.png]
[utb.ac.rw/library/index.html]
[www.utb.ac.rw/wp-content/uploads/2014/07/4-1-554x674.jpg]
[www.utb.ac.rw/wp-content/uploads/2023/03/74-743263_app-icon-new-customer-acquisition-icon-hd-png-140x100.png]
[www.utb.ac.rw/wp-content/uploads/2023/03/contest-icon-png-4-100x100.png]
[www.utb.ac.rw/wp-content/uploads/2023/03/2390040-200-1-120x102.png]
[www.utb.ac.rw/utb-to-send-700-students-abroad-qatar/index.html]
[www.utb.ac.rw/wp-content/uploads/2014/07/3-1-554x674.jpg]
[www.utb.ac.rw/we-are-hiring/index.html]
[www.utb.ac.rw/wp-content/uploads/2014/07/2-554x674.jpg]
[www.utb.ac.rw/wp-content/uploads/2014/05/university-event-001-1024x680.jpg]
[www.utb.ac.rw/wp-content/uploads/2014/05/university-course-009-1024x684.jpg]
[www.utb.ac.rw/wp-content/uploads/2014/08/tech-013.jpg]
[www.utb.ac.rw/make-the-difference/index.html]
[www.utb.ac.rw/wp-content/uploads/2021/06/IMG_0225-min-300x200.jpg]
[www.utb.ac.rw/our-new-campus/index.html]
[www.utb.ac.rw/wp-content/uploads/2014/05/DFC_82066298-student-exchange-300x200.jpg]
[www.utb.ac.rw/wp-content/uploads/2021/06/UNDERGRADUATE.jpg]
[www.utb.ac.rw/wp-content/uploads/2021/12/EPRN.jpg]
[www.utb.ac.rw/wp-content/uploads/2021/06/images.jpg]
[www.utb.ac.rw/may-untake-registration/index.html]
[www.utb.ac.rw/wp-content/uploads/2021/06/images-1.jpg]
[www.utb.ac.rw/wp-content/uploads/2021/06/SOS-Logo.png]
[www.utb.ac.rw/wp-content/uploads/2021/06/African-new-life-ministries-logo.jpg]
[www.utb.ac.rw/PROGRAM/bachelor-of-business-information-and-technology/index.html]
[www.utb.ac.rw/PROGRAM/information-system-course/index.html]
[www.utb.ac.rw/wp-content/uploads/2021/06/unnamed.png]
[www.utb.ac.rw/wp-content/uploads/2021/06/marriot.png]
[www.utb.ac.rw/wp-content/uploads/2021/06/RDB.png]
[www.utb.ac.rw/wp-content/uploads/2021/06/index.png]
[www.utb.ac.rw/PROGRAM/chemical-engineering-course/index.html]
[www.utb.ac.rw/wp-content/uploads/2021/06/rwandair-296990.png]
[www.utb.ac.rw/degree-program/index.html]
[www.utb.ac.rw/wp-content/uploads/2021/06/Peters-Baker.jpg]
[www.utb.ac.rw/wp-content/uploads/2022/06/3-2-scaled.jpg]
[www.utb.ac.rw/diploma-program/index.html]
[googleads.g.doubleclick.net/pagead/viewthroughconversion/1016918124/indexa96a.html]
[www.googleadservices.com/pagead/f.txt]
[www.utb.ac.rw/wp-content/themes/university/images/avatar.png]
[www.utb.ac.rw/wp-content/uploads/2022/06/Publication1.jpg]
[www.utb.ac.rw/campus-life/index.html]
[www.utb.ac.rw/wp-includes/js/dist/vendor/wp-polyfill.min89b1.js]
[www.utb.ac.rw/careers-and-employment/index.html]
[mis.utb.ac.rw/index.html]
[www.utb.ac.rw/wp-includes/js/dist/vendor/wp-polyfill-node-contains.min2e00.js]
[www.utb.ac.rw/wp-includes/js/dist/vendor/wp-polyfill-dom-rect.min2e00.js]
[connect.facebook.net/en_US/fbds.js]
[www.utb.ac.rw/wp-includes/js/dist/vendor/wp-polyfill-element-closest.min4c56.js]
[www.utb.ac.rw/wp-content/plugins/testimonial-awesome/public/js/swiper.minfcc2.js]
[fonts.googleapis.com/cssa443.css]
[www.utb.ac.rw/wp-content/plugins/js_composer/assets/lib/bower/font-awesome/css/v4-shims.min31dc.css]
[www.utb.ac.rw/wp-content/plugins/js_composer/assets/lib/bower/font-awesome/css/all.min31dc.css]
[www.utb.ac.rw/wp-content/plugins/js_composer/assets/lib/bower/animate-css/animate.min31dc.css]
[www.utb.ac.rw/wp-content/plugins/js_composer/assets/lib/vc_carousel/css/vc_carousel.min31dc.css]
[www.utb.ac.rw/wp-content/plugins/testimonial-awesome/public/css/fontawesome.minfcc2.css]
[www.utb.ac.rw/wp-content/plugins/testimonial-awesome/public/css/thaw-flexgridfcc2.css]
[www.utb.ac.rw/wp-content/plugins/testimonial-awesome/public/css/testimonial-awesome-publicfcc2.css]
[www.utb.ac.rw/wp-content/plugins/testimonial-awesome/public/css/swiperfcc2.css]
[code.tidio.co_443/akqdefohbul9hkjo2wfmtmxbf1poeejc.js]
