[backblue.gif]
[fade.gif]
[index.html]
[www.utb.ac.rw/feed/index.html]
[www.utb.ac.rw/comments/feed/index.html]
[www.utb.ac.rw/home-2/feed/index.html]
[www.utb.ac.rw/wp-content/themes/university/stylefcc2.css]
[www.utb.ac.rw/index.html]
[www.utb.ac.rw/xmlrpc.html]
[www.utb.ac.rw/wp-json/index.html]
[www.utb.ac.rw/wp-json/wp/v2/pages/333.html]
[www.utb.ac.rw/xmlrpc0db0.html]
[www.utb.ac.rw/wp-json/oembed/1.0/embeda9ad.html]
[www.utb.ac.rw/wp-json/oembed/1.0/embed12c7.html]
[www.utb.ac.rw/staff.html]
[www.utb.ac.rw/alumni/index.html]
[www.utb.ac.rw/student/index.html]
[www.utb.ac.rw/utb-history/index.html]
[www.utb.ac.rw/mission-and-vision/index.html]
[www.utb.ac.rw/governance-and-management/index.html]
[www.utb.ac.rw/governance/index.html]
[www.utb.ac.rw/management/index.html]
[www.utb.ac.rw/policies/index.html]
[www.utb.ac.rw/all-course-2/index.html]
[www.utb.ac.rw/make-a-pay/index.html]
[www.utb.ac.rw/scholarships/index.html]
[www.utb.ac.rw/research-projects/index.html]
[www.utb.ac.rw/research-areas/index.html]
[www.utb.ac.rw/research-excellence-framework/index.html]
[www.utb.ac.rw/scientific-review/index.html]
[www.utb.ac.rw/utb-to-send-700-students-abroad-qatar/index.html]
[www.utb.ac.rw/we-are-hiring/index.html]
[www.utb.ac.rw/make-the-difference/index.html]
[www.utb.ac.rw/our-new-campus/index.html]
[www.utb.ac.rw/may-untake-registration/index.html]
[www.utb.ac.rw/PROGRAM/bachelor-of-business-information-and-technology/index.html]
[www.utb.ac.rw/PROGRAM/information-system-course/index.html]
[www.utb.ac.rw/PROGRAM/chemical-engineering-course/index.html]
[www.utb.ac.rw/degree-program/index.html]
[www.utb.ac.rw/diploma-program/index.html]
[www.utb.ac.rw/campus-life.html]
[www.utb.ac.rw/careers-and-employment/index.html]
[www.utb.ac.rw/wp-content/uploads/2014/10/logo-e1629813099434.png]
[www.utb.ac.rw/wp-includes/css/dist/block-library/style.minfcc2.css]
[www.utb.ac.rw/wp-content/plugins/woocommerce/packages/woocommerce-blocks/build/wc-blocks-vendors-styled03b.css]
[www.utb.ac.rw/wp-content/plugins/woocommerce/packages/woocommerce-blocks/build/wc-blocks-styled03b.css]
[www.utb.ac.rw/wp-content/plugins/contact-form-7/includes/css/styles7661.css]
[www.utb.ac.rw/wp-content/plugins/revslider/public/assets/css/rs6a8d6.css]
[www.utb.ac.rw/wp-content/plugins/woocommerce/assets/css/woocommerce-layout0969.css]
[www.utb.ac.rw/wp-content/plugins/woocommerce/assets/css/woocommerce-smallscreen0969.css]
[www.utb.ac.rw/wp-content/plugins/woocommerce/assets/css/woocommerce0969.css]
[www.utb.ac.rw/wp-content/plugins/wp-pagenavi/pagenavi-css44fd.css]
[www.utb.ac.rw/wp-content/plugins/header-footer-elementor/assets/css/header-footer-elementor744a.css]
[www.utb.ac.rw/wp-content/plugins/elementor/assets/lib/eicons/css/elementor-icons.min7816.css]
[www.utb.ac.rw/wp-content/plugins/elementor/assets/css/frontend.min3ab2.css]
[www.utb.ac.rw/wp-content/uploads/elementor/css/post-1371358aa9.css]
[www.utb.ac.rw/wp-content/uploads/elementor/css/global55f3.css]
[www.utb.ac.rw/wp-content/themes/university/css/bootstrap.minfcc2.css]
[www.utb.ac.rw/wp-content/themes/university/fonts/css/font-awesome.minfcc2.css]
[www.utb.ac.rw/wp-content/themes/university/js/owl-carousel/owl.carousel.minfcc2.css]
[www.utb.ac.rw/wp-content/themes/university/js/owl-carousel/owl.theme.default.minfcc2.css]
[www.utb.ac.rw/wp-content/themes/university/stylefcc2.css]
[www.utb.ac.rw/wp-content/uploads/js_composer/js_composer_front_custom31dc.html]
[www.utb.ac.rw/wp-content/uploads/js_composer/js_composer_front_custom31dc.html]
[www.utb.ac.rw/wp-includes/js/jquery/jquery.min9d52.html]
[www.utb.ac.rw/wp-includes/js/jquery/jquery-migrate.mind617.html]
[www.utb.ac.rw/wp-content/plugins/revslider/public/assets/js/rbtools.min5352.html]
[www.utb.ac.rw/wp-content/plugins/revslider/public/assets/js/rs6.mina8d6.html]
[www.utb.ac.rw/wp-content/plugins/woocommerce/assets/js/jquery-blockui/jquery.blockUI.mine1da.html]
[www.utb.ac.rw/wp-content/plugins/woocommerce/assets/js/frontend/add-to-cart.min0969.html]
[www.utb.ac.rw/wp-content/plugins/js_composer/assets/js/vendors/woocommerce-add-to-cart31dc.html]
[www.utb.ac.rw/wp-content/themes/university/js/bootstrap.minfcc2.html]
[www.utb.ac.rw/wp-content/themes/university/js/cactus-themes53cf.html]
[www.utb.ac.rw/wp-includes/wlwmanifest.html]
[www.utb.ac.rw/wp-content/uploads/2021/06/cropped-logo-32x32.html]
[www.utb.ac.rw/wp-content/uploads/2021/06/cropped-logo-192x192.html]
[www.utb.ac.rw/wp-content/uploads/2021/06/cropped-logo-180x180.html]
[www.utb.ac.rw/wp-content/uploads/2014/10/LOGO-SMALL.html]
[www.utb.ac.rw/wp-content/uploads/2023/01/vlcsnap-2023-01-31-10h01m41s984.html]
[www.utb.ac.rw/wp-content/uploads/2014/10/150-1-2.html]
[www.utb.ac.rw/wp-content/uploads/2014/10/300-1.html]
[www.utb.ac.rw/wp-content/uploads/2014/10/300-.html]
[www.utb.ac.rw/wp-content/uploads/2014/10/coffee.html]
[www.utb.ac.rw/wp-content/uploads/2014/10/study.html]
[www.utb.ac.rw/wp-content/uploads/2014/10/reception-1.html]
[www.utb.ac.rw/wp-content/uploads/2014/10/nature-1.html]
[www.utb.ac.rw/wp-content/uploads/2021/10/1-250x250.html]
[www.utb.ac.rw/wp-content/uploads/2021/07/JOB-150x150.html]
[www.utb.ac.rw/wp-content/uploads/2021/06/Screenshot_20211026-151214-250x250.html]
[www.utb.ac.rw/wp-content/uploads/2021/06/IMG_0225-min-150x150.html]
[www.utb.ac.rw/wp-content/uploads/2021/06/2fc11154-3df2-4737-9054-3b447bdc01ae-150x150.html]
[www.utb.ac.rw/wp-content/uploads/2023/03/131-1311666_scale-icon-ethical-icon-1-140x100.html]
[www.utb.ac.rw/wp-content/uploads/2023/03/74-743263_app-icon-new-customer-acquisition-icon-hd-png-140x100.html]
[www.utb.ac.rw/wp-content/uploads/2023/03/Entrepreneur-PNG-Pic-1-100x100.html]
[www.utb.ac.rw/wp-content/uploads/2023/03/contest-icon-png-4-100x100.html]
[www.utb.ac.rw/wp-content/uploads/2023/03/2390040-200-1-120x102.html]
[www.utb.ac.rw/wp-content/uploads/2014/07/3-1-554x674.html]
[www.utb.ac.rw/wp-content/uploads/2014/07/4-1-554x674.html]
[www.utb.ac.rw/wp-content/uploads/2014/07/2-554x674.html]
[www.utb.ac.rw/wp-content/uploads/2014/05/university-event-001-1024x680.html]
[www.utb.ac.rw/wp-content/uploads/2014/05/university-course-009-1024x684.html]
[www.utb.ac.rw/wp-content/uploads/2014/08/tech-013.html]
[www.utb.ac.rw/wp-content/uploads/2021/06/IMG_0225-min-300x200.html]
[www.utb.ac.rw/wp-content/uploads/2021/06/UNDERGRADUATE.html]
[www.utb.ac.rw/wp-content/uploads/2014/05/DFC_82066298-student-exchange-300x200.html]
[www.utb.ac.rw/wp-content/uploads/2021/12/EPRN.html]
[www.utb.ac.rw/wp-content/uploads/2021/06/images.html]
[www.utb.ac.rw/wp-content/uploads/2021/06/images-1.html]
[www.utb.ac.rw/wp-content/uploads/2021/06/images-2.html]
[www.utb.ac.rw/wp-content/uploads/2021/06/SOS-Logo.html]
[www.utb.ac.rw/wp-content/uploads/2021/06/African-new-life-ministries-logo.html]
[www.utb.ac.rw/wp-content/uploads/2021/06/logo.html]
[www.utb.ac.rw/wp-content/uploads/2021/06/332-phphv7x4k_logo_corporate_black.html]
[www.utb.ac.rw/wp-content/uploads/2021/06/unnamed.html]
[www.utb.ac.rw/wp-content/uploads/2021/06/marriots11.html]
[www.utb.ac.rw/wp-content/uploads/2021/06/RDB.html]
[www.utb.ac.rw/wp-content/uploads/2021/06/marriot.html]
[www.utb.ac.rw/wp-content/uploads/2021/06/index.html]
[www.utb.ac.rw/wp-content/uploads/2021/06/rwandair-296990.html]
[www.utb.ac.rw/wp-content/uploads/2022/06/3-2-scaled.html]
[www.utb.ac.rw/wp-content/uploads/2021/06/Peters-Baker.html]
[www.utb.ac.rw/wp-content/uploads/2022/06/Publication1.html]
[www.utb.ac.rw/wp-content/themes/university/images/avatar.html]
[www.google-analytics.com/analytics.html]
[connect.facebook.net/en_US/fbds.html]
[www.googleadservices.com/pagead/conversion.html]
[www.utb.ac.rw/wp-content/plugins/js_composer/assets/lib/bower/font-awesome/css/v4-shims.min31dc.html]
[www.utb.ac.rw/wp-content/plugins/js_composer/assets/lib/bower/font-awesome/css/all.min31dc.html]
[www.utb.ac.rw/wp-content/plugins/js_composer/assets/lib/bower/animate-css/animate.min31dc.html]
[www.utb.ac.rw/wp-content/plugins/js_composer/assets/lib/vc_carousel/css/vc_carousel.min31dc.html]
[www.utb.ac.rw/wp-content/plugins/testimonial-awesome/public/css/fontawesome.minfcc2.html]
[www.utb.ac.rw/wp-content/plugins/testimonial-awesome/public/css/thaw-flexgridfcc2.html]
[www.utb.ac.rw/wp-content/plugins/testimonial-awesome/public/css/testimonial-awesome-publicfcc2.html]
[www.utb.ac.rw/wp-content/plugins/testimonial-awesome/public/css/swiperfcc2.html]
[www.utb.ac.rw/wp-content/plugins/u-shortcodes/shortcodes/calendar-js/format-datetime-master/jquery.formatDateTime.minfcc2.html]
[www.utb.ac.rw/wp-content/plugins/u-shortcodes/shortcodes/calendar-js/underscore/underscore-minfcc2.html]
[www.utb.ac.rw/wp-includes/js/dist/vendor/wp-polyfill.min89b1.html]
[www.utb.ac.rw/wp-includes/js/dist/vendor/wp-polyfill-fetch.min6e0e.html]
[www.utb.ac.rw/wp-includes/js/dist/vendor/wp-polyfill-node-contains.min2e00.html]
[www.utb.ac.rw/wp-includes/js/dist/vendor/wp-polyfill-dom-rect.min2e00.html]
[www.utb.ac.rw/wp-includes/js/dist/vendor/wp-polyfill-url.min5aed.html]
[www.utb.ac.rw/wp-includes/js/dist/vendor/wp-polyfill-formdata.mine9bd.html]
[www.utb.ac.rw/wp-includes/js/dist/vendor/wp-polyfill-element-closest.min4c56.html]
[www.utb.ac.rw/wp-includes/js/dist/vendor/wp-polyfill-object-fit.min531b.html]
[www.utb.ac.rw/wp-content/plugins/contact-form-7/includes/js/index7661.html]
[www.utb.ac.rw/wp-content/plugins/woocommerce/assets/js/js-cookie/js.cookie.min757c.html]
[www.utb.ac.rw/wp-content/plugins/woocommerce/assets/js/frontend/woocommerce.min0969.html]
[www.utb.ac.rw/wp-content/plugins/woocommerce/assets/js/frontend/cart-fragments.min0969.html]
[www.utb.ac.rw/wp-content/themes/university/js/owl-carousel/owl.carousel.minfcc2.html]
[www.utb.ac.rw/wp-includes/js/comment-reply.minfcc2.html]
[www.utb.ac.rw/wp-content/plugins/u-course/js/customfcc2.html]
[www.utb.ac.rw/wp-includes/js/wp-embed.minfcc2.html]
[www.utb.ac.rw/wp-content/plugins/js_composer/assets/js/dist/js_composer_front.min31dc.html]
[www.utb.ac.rw/wp-content/themes/university/js/jquery.countdown.minfcc2.html]
[www.utb.ac.rw/wp-content/plugins/js_composer/assets/lib/vc_waypoints/vc-waypoints.min31dc.html]
[www.utb.ac.rw/wp-content/plugins/js_composer/assets/lib/vc_carousel/js/transition.min31dc.html]
[www.utb.ac.rw/wp-content/plugins/js_composer/assets/lib/vc_carousel/js/vc_carousel.min31dc.html]
[www.utb.ac.rw/wp-content/plugins/testimonial-awesome/public/js/swiper.minfcc2.html]
[code.tidio.co/akqdefohbul9hkjo2wfmtmxbf1poeejc.html]
[www.utb.ac.rw/wp-content/plugins/revslider/public/assets/fonts/revicons/revicons90c6.html]
[www.utb.ac.rw/wp-content/plugins/revslider/public/assets/fonts/revicons/revicons90c6-2.html]
[www.utb.ac.rw/wp-content/plugins/revslider/public/assets/fonts/revicons/revicons90c6-3.html]
[www.utb.ac.rw/wp-content/plugins/revslider/public/assets/fonts/revicons/revicons90c6-4.html]
[www.utb.ac.rw/wp-content/plugins/revslider/public/assets/css/openhand.html]
[www.utb.ac.rw/wp-content/plugins/revslider/public/assets/css/closedhand.html]
[www.utb.ac.rw/wp-content/plugins/revslider/public/assets/assets/gridtile.html]
[www.utb.ac.rw/wp-content/plugins/revslider/public/assets/assets/gridtile_white.html]
[www.utb.ac.rw/wp-content/plugins/revslider/public/assets/assets/gridtile_3x3.html]
[www.utb.ac.rw/wp-content/plugins/revslider/public/assets/assets/gridtile_3x3_white.html]
[www.utb.ac.rw/wp-content/plugins/revslider/public/assets/assets/coloredbg.html]
[www.utb.ac.rw/wp-content/plugins/revslider/public/assets/assets/loader.html]
[www.utb.ac.rw/wp-content/plugins/woocommerce/assets/fonts/star.html]
[www.utb.ac.rw/wp-content/plugins/woocommerce/assets/fonts/stard41d.html]
[www.utb.ac.rw/wp-content/plugins/woocommerce/assets/fonts/star-2.html]
[www.utb.ac.rw/wp-content/plugins/woocommerce/assets/fonts/star-3.html]
[www.utb.ac.rw/wp-content/plugins/woocommerce/assets/fonts/star-4.html]
[www.utb.ac.rw/wp-content/plugins/woocommerce/assets/fonts/WooCommerce.html]
[www.utb.ac.rw/wp-content/plugins/woocommerce/assets/fonts/WooCommerced41d.html]
[www.utb.ac.rw/wp-content/plugins/woocommerce/assets/fonts/WooCommerce-2.html]
[www.utb.ac.rw/wp-content/plugins/woocommerce/assets/fonts/WooCommerce-3.html]
[www.utb.ac.rw/wp-content/plugins/woocommerce/assets/fonts/WooCommerce-4.html]
[www.utb.ac.rw/wp-content/plugins/woocommerce/assets/images/icons/loader.html]
[www.utb.ac.rw/wp-content/plugins/woocommerce/assets/images/icons/credit-cards/visa.html]
[www.utb.ac.rw/wp-content/plugins/woocommerce/assets/images/icons/credit-cards/mastercard.html]
[www.utb.ac.rw/wp-content/plugins/woocommerce/assets/images/icons/credit-cards/laser.html]
[www.utb.ac.rw/wp-content/plugins/woocommerce/assets/images/icons/credit-cards/diners.html]
[www.utb.ac.rw/wp-content/plugins/woocommerce/assets/images/icons/credit-cards/maestro.html]
[www.utb.ac.rw/wp-content/plugins/woocommerce/assets/images/icons/credit-cards/jcb.html]
[www.utb.ac.rw/wp-content/plugins/woocommerce/assets/images/icons/credit-cards/amex.html]
[www.utb.ac.rw/wp-content/plugins/woocommerce/assets/images/icons/credit-cards/discover.html]
[www.utb.ac.rw/wp-content/plugins/elementor/assets/lib/eicons/fonts/eicons5519.html]
[www.utb.ac.rw/wp-content/plugins/elementor/assets/lib/eicons/fonts/eicons5519-2.html]
[www.utb.ac.rw/wp-content/plugins/elementor/assets/lib/eicons/fonts/eicons5519-3.html]
[www.utb.ac.rw/wp-content/plugins/elementor/assets/lib/eicons/fonts/eicons5519-4.html]
[www.utb.ac.rw/wp-content/plugins/elementor/assets/lib/eicons/fonts/eicons5519-5.html]
[www.utb.ac.rw/wp-content/themes/university/fonts/fonts/fontawesome-webfont93e3.html]
[www.utb.ac.rw/wp-content/themes/university/fonts/fonts/fontawesome-webfontd41d.html]
[www.utb.ac.rw/wp-content/themes/university/fonts/fonts/fontawesome-webfont93e3-2.html]
[www.utb.ac.rw/wp-content/themes/university/fonts/fonts/fontawesome-webfont93e3-3.html]
[www.utb.ac.rw/wp-content/themes/university/fonts/fonts/fontawesome-webfont93e3-4.html]
[www.utb.ac.rw/wp-content/themes/university/fonts/fonts/fontawesome-webfont93e3-5.html]
[www.utb.ac.rw/wp-content/themes/university/js/owl-carousel/owl.video.play.html]
[www.utb.ac.rw/wp-content/plugins/js_composer/assets/vc/alert.html]
[www.utb.ac.rw/wp-content/plugins/js_composer/assets/vc/info.html]
[www.utb.ac.rw/wp-content/plugins/js_composer/assets/vc/tick.html]
[www.utb.ac.rw/wp-content/plugins/js_composer/assets/vc/exclamation.html]
[www.utb.ac.rw/wp-content/plugins/js_composer/assets/images/icons/address-book.html]
[www.utb.ac.rw/wp-content/plugins/js_composer/assets/images/icons/alarm-clock.html]
[www.utb.ac.rw/wp-content/plugins/js_composer/assets/images/icons/anchor.html]
[www.utb.ac.rw/wp-content/plugins/js_composer/assets/images/icons/application-image.html]
[www.utb.ac.rw/wp-content/plugins/js_composer/assets/images/icons/arrow.html]
[www.utb.ac.rw/wp-content/plugins/js_composer/assets/images/icons/asterisk.html]
[www.utb.ac.rw/wp-content/plugins/js_composer/assets/images/icons/auction-hammer.html]
[www.utb.ac.rw/wp-content/plugins/js_composer/assets/images/icons/balloon.html]
[www.utb.ac.rw/wp-content/plugins/js_composer/assets/images/icons/balloon-buzz.html]
[www.utb.ac.rw/wp-content/plugins/js_composer/assets/images/icons/balloon-facebook.html]
[www.utb.ac.rw/wp-content/plugins/js_composer/assets/images/icons/balloon-twitter.html]
[www.utb.ac.rw/wp-content/plugins/js_composer/assets/images/icons/battery-full.html]
[www.utb.ac.rw/wp-content/plugins/js_composer/assets/images/icons/binocular.html]
[www.utb.ac.rw/wp-content/plugins/js_composer/assets/images/icons/blue-document-excel.html]
[www.utb.ac.rw/wp-content/plugins/js_composer/assets/images/icons/blue-document-image.html]
[www.utb.ac.rw/wp-content/plugins/js_composer/assets/images/icons/blue-document-music.html]
[www.utb.ac.rw/wp-content/plugins/js_composer/assets/images/icons/blue-document-office.html]
[www.utb.ac.rw/wp-content/plugins/js_composer/assets/images/icons/blue-document-pdf.html]
[www.utb.ac.rw/wp-content/plugins/js_composer/assets/images/icons/blue-document-powerpoint.html]
[www.utb.ac.rw/wp-content/plugins/js_composer/assets/images/icons/blue-document-word.html]
[www.utb.ac.rw/wp-content/plugins/js_composer/assets/images/icons/bookmark.html]
[www.utb.ac.rw/wp-content/plugins/js_composer/assets/images/icons/camcorder.html]
[www.utb.ac.rw/wp-content/plugins/js_composer/assets/images/icons/camera.html]
[www.utb.ac.rw/wp-content/plugins/js_composer/assets/images/icons/chart.html]
[www.utb.ac.rw/wp-content/plugins/js_composer/assets/images/icons/chart-pie.html]
[www.utb.ac.rw/wp-content/plugins/js_composer/assets/images/icons/clock.html]
[www.utb.ac.rw/wp-content/plugins/js_composer/assets/images/icons/control.html]
[www.utb.ac.rw/wp-content/plugins/js_composer/assets/images/icons/fire.html]
[www.utb.ac.rw/wp-content/plugins/js_composer/assets/images/icons/heart.html]
[www.utb.ac.rw/wp-content/plugins/js_composer/assets/images/icons/mail.html]
[www.utb.ac.rw/wp-content/plugins/js_composer/assets/images/icons/plus-shield.html]
[www.utb.ac.rw/wp-content/plugins/js_composer/assets/images/icons/video.html]
[www.utb.ac.rw/wp-content/plugins/js_composer/assets/fonts/vc_icons_v2/fonts/vcpb-plugin-iconsb82a.html]
[www.utb.ac.rw/wp-content/plugins/js_composer/assets/fonts/vc_icons_v2/fonts/vcpb-plugin-iconsb82a-2.html]
[www.utb.ac.rw/wp-content/plugins/js_composer/assets/fonts/vc_icons_v2/fonts/vcpb-plugin-iconsb82a-3.html]
[www.utb.ac.rw/wp-content/plugins/js_composer/assets/fonts/vc_icons_v2/fonts/vcpb-plugin-iconsb82a-4.html]
[www.utb.ac.rw/wp-content/plugins/js_composer/assets/images/toggle_open.html]
[www.utb.ac.rw/wp-content/plugins/js_composer/assets/images/toggle_close.html]
[www.utb.ac.rw/wp-content/plugins/js_composer/assets/images/flickr.html]
[www.utb.ac.rw/wp-content/plugins/js_composer/assets/vc/blur.html]
[www.utb.ac.rw/wp-content/plugins/js_composer/assets/fonts/vc_grid/vc_grid_v157a1.html]
[www.utb.ac.rw/wp-content/plugins/js_composer/assets/fonts/vc_grid/vc_grid_v1d41d.html]
[www.utb.ac.rw/wp-content/plugins/js_composer/assets/fonts/vc_grid/vc_grid_v157a1-2.html]
[www.utb.ac.rw/wp-content/plugins/js_composer/assets/fonts/vc_grid/vc_grid_v157a1-3.html]
[www.utb.ac.rw/wp-content/plugins/js_composer/assets/fonts/vc_grid/vc_grid_v157a1-4.html]
[www.utb.ac.rw/wp-content/plugins/js_composer/assets/images/spinner.html]
[www.utb.ac.rw/wp-content/plugins/js_composer/assets/vc/remove.html]
